// Jest Snapshot v1, https://goo.gl/fbAQLP

exports[`The component should render 1`] = `
<div>
  <li
    class="divider"
  />
</div>
`;
