// Jest Snapshot v1, https://goo.gl/fbAQLP

exports[`Should render disabled input-components when disabled 1`] = `undefined`;

exports[`Should render two password fields and add a debounced function 1`] = `undefined`;
