// Jest Snapshot v1, https://goo.gl/fbAQLP

exports[`Render a Divider with text 1`] = `undefined`;

exports[`Render an empty Divider 1`] = `undefined`;
