// Jest Snapshot v1, https://goo.gl/fbAQLP

exports[`ColorPicker should render 1`] = `
<div>
  <label
    class="input default left"
  >
    <div
      class="prependedContainer default"
    >
      <span
        aria-label="su-square"
        class="su-square clickable icon default icon iconClickable"
        role="button"
        style="color: rgb(170, 187, 204);"
        tabindex="0"
      />
    </div>
    <input
      placeholder="My placeholder"
      type="text"
      value="#abc"
    />
  </label>
</div>
`;
