// Jest Snapshot v1, https://goo.gl/fbAQLP

exports[`The component should render 1`] = `
<div>
  <li>
    <button
      class="action"
      type="button"
    >
      My action
    </button>
  </li>
</div>
`;
