// Jest Snapshot v1, https://goo.gl/fbAQLP

exports[`Render a Grid with Items having spaces between them 1`] = `undefined`;

exports[`Render a Grid with Items in all sizes 1`] = `undefined`;

exports[`Render a Grid with Sections 1`] = `undefined`;

exports[`Render a Grid with class names attached 1`] = `undefined`;
