// Jest Snapshot v1, https://goo.gl/fbAQLP

exports[`The component should render 1`] = `
<div>
  <div
    class="my-group"
  >
    <label
      class="label"
      tabindex="-1"
    >
      <span
        class="switch radio dark"
      >
        <input
          checked=""
          type="radio"
          value="1"
        />
        <span />
      </span>
    </label>
    <label
      class="label"
      tabindex="-1"
    >
      <span
        class="switch radio dark"
      >
        <input
          type="radio"
          value="2"
        />
        <span />
      </span>
    </label>
    <label
      class="label"
      tabindex="-1"
    >
      <span
        class="switch radio dark"
      >
        <input
          type="radio"
          value="3"
        />
        <span />
      </span>
    </label>
  </div>
</div>
`;
